node.exe : PDF generation fai
led: Error: Unknown font form
at
At line:1 char:1
+ & "C:\nvm4w\nodejs/node.exe
" "C:\nvm4w\nodejs/node_modul
es/npm/bin/np ...
+ ~~~~~~~~~~~~~~~~~~~~~~~~~~~
~~~~~~~~~~~~~~~~~~~~~~~~~~~~~
~~~~~~~~~~~~~
    + CategoryInfo           
   : NotSpecified: (PDF gen  
  eration ...own font form   
 at:String) [], RemoteExc    
eption
    + FullyQualifiedErrorId  
   : NativeCommandError
 
    at Object.create (C:\User
s\├ûzg├╝r\.gemini\antigravity
\scratch\hayrinigor\backend\n
ode_modules\fontkit\dist\src\
base.js:23:9)
    at Function.open (C:\User
s\├ûzg├╝r\.gemini\antigravity
\scratch\hayrinigor\backend\n
ode_modules\pdfkit\lib\font_f
actory.js:17:22)
    at PDFDocument.font (C:\U
sers\├ûzg├╝r\.gemini\antigrav
ity\scratch\hayrinigor\backen
d\node_modules\pdfkit\lib\mix
ins\fonts.js:85:33)
    at createDoc (C:\Users\├û
zg├╝r\.gemini\antigravity\scr
atch\hayrinigor\backend\src\s
ervices\pdf.service.ts:8:7)
    at C:\Users\├ûzg├╝r\.gemi
ni\antigravity\scratch\hayrin
igor\backend\src\services\pdf
.service.ts:32:19
    at new Promise (<anonymou
s>)
    at createReportPDFBuffer 
(C:\Users\├ûzg├╝r\.gemini\ant
igravity\scratch\hayrinigor\b
ackend\src\services\pdf.servi
ce.ts:31:12)
    at C:\Users\├ûzg├╝r\.gemi
ni\antigravity\scratch\hayrin
igor\backend\test_pdf.ts:16:4
7
    at Generator.next (<anony
mous>)
    at C:\Users\├ûzg├╝r\.gemi
ni\antigravity\scratch\hayrin
igor\backend\test_pdf.ts:8:71
